// Jest Snapshot v1, https://jestjs.io/docs/snapshot-testing

exports[`ProductCard Dark Mode renders correctly in dark theme 1`] = `
<View
  accessibilityRole="button"
  accessibilityState={
    {
      "busy": undefined,
      "checked": undefined,
      "disabled": undefined,
      "expanded": undefined,
      "selected": undefined,
    }
  }
  accessibilityValue={
    {
      "max": undefined,
      "min": undefined,
      "now": undefined,
      "text": undefined,
    }
  }
  accessible={true}
  collapsable={false}
  focusable={true}
  onClick={[Function]}
  onResponderGrant={[Function]}
  onResponderMove={[Function]}
  onResponderRelease={[Function]}
  onResponderTerminate={[Function]}
  onResponderTerminationRequest={[Function]}
  onStartShouldSetResponder={[Function]}
  style={
    {
      "opacity": 1,
    }
  }
>
  <View
    style={
      [
        {
          "padding": 16,
        },
        {
          "backgroundColor": "#FFFFFF",
          "borderRadius": 16,
          "elevation": 4,
          "shadowColor": "#18181B",
          "shadowOffset": {
            "height": 2,
            "width": 0,
          },
          "shadowOpacity": 0.1,
          "shadowRadius": 8,
        },
        {
          "marginBottom": 16,
          "padding": 12,
        },
      ]
    }
  >
    <View
      style={
        {
          "flexDirection": "row",
        }
      }
    >
      <Image
        source={
          {
            "uri": "https://example.com/image.jpg",
          }
        }
        style={
          {
            "borderRadius": 8,
            "height": 80,
            "marginRight": 12,
            "width": 80,
          }
        }
      />
      <View
        style={
          {
            "flex": 1,
            "justifyContent": "space-between",
          }
        }
      >
        <View>
          <Text
            style={
              [
                {
                  "color": "#52525B",
                  "fontFamily": "Inter-Regular",
                  "fontSize": 14,
                  "lineHeight": 20,
                },
                {
                  "marginBottom": 2,
                },
              ]
            }
          >
            Test Brand
          </Text>
          <Text
            numberOfLines={2}
            style={
              [
                {
                  "color": "#18181B",
                  "fontFamily": "Inter-SemiBold",
                  "fontSize": 16,
                  "lineHeight": 24,
                },
                {
                  "marginBottom": 8,
                },
              ]
            }
          >
            Test Supplement
          </Text>
          <View
            style={
              {
                "flexDirection": "row",
                "gap": 8,
                "marginBottom": 8,
              }
            }
          >
            <View
              style={
                [
                  {
                    "borderRadius": 12,
                    "paddingHorizontal": 8,
                    "paddingVertical": 4,
                  },
                  {
                    "backgroundColor": "#F97316",
                  },
                ]
              }
            >
              <Text
                style={
                  {
                    "color": "#FFF",
                    "fontSize": 12,
                    "fontWeight": "bold",
                  }
                }
              >
                Manual
              </Text>
            </View>
          </View>
          <View
            style={
              {
                "flexDirection": "row",
                "gap": 8,
                "marginVertical": 8,
              }
            }
          >
            <View
              style={
                [
                  {
                    "alignItems": "center",
                    "borderRadius": 12,
                    "flexDirection": "row",
                    "paddingHorizontal": 6,
                    "paddingVertical": 2,
                  },
                  {
                    "backgroundColor": "#10B981",
                  },
                ]
              }
            >
              <Text
                style={
                  {
                    "fontSize": 8,
                    "marginRight": 2,
                  }
                }
              >
                ðŸŸ¢
              </Text>
              <Text
                style={
                  {
                    "color": "#FFF",
                    "fontSize": 10,
                    "fontWeight": "bold",
                  }
                }
              >
                Title
              </Text>
            </View>
            <View
              style={
                [
                  {
                    "alignItems": "center",
                    "borderRadius": 12,
                    "flexDirection": "row",
                    "paddingHorizontal": 6,
                    "paddingVertical": 2,
                  },
                  {
                    "backgroundColor": "#EF4444",
                  },
                ]
              }
            >
              <Text
                style={
                  {
                    "fontSize": 8,
                    "marginRight": 2,
                  }
                }
              >
                ðŸ”´
              </Text>
              <Text
                style={
                  {
                    "color": "#FFF",
                    "fontSize": 10,
                    "fontWeight": "bold",
                  }
                }
              >
                Ingr.
              </Text>
            </View>
            <View
              style={
                [
                  {
                    "alignItems": "center",
                    "borderRadius": 12,
                    "flexDirection": "row",
                    "paddingHorizontal": 6,
                    "paddingVertical": 2,
                  },
                  {
                    "backgroundColor": "#EF4444",
                  },
                ]
              }
            >
              <Text
                style={
                  {
                    "fontSize": 8,
                    "marginRight": 2,
                  }
                }
              >
                ðŸ”´
              </Text>
              <Text
                style={
                  {
                    "color": "#FFF",
                    "fontSize": 10,
                    "fontWeight": "bold",
                  }
                }
              >
                Facts
              </Text>
            </View>
          </View>
        </View>
        <View
          style={
            {
              "alignItems": "center",
              "flexDirection": "row",
              "justifyContent": "space-between",
            }
          }
        >
          <View
            style={
              [
                {
                  "alignItems": "center",
                  "borderRadius": 16,
                  "justifyContent": "center",
                  "paddingHorizontal": 10,
                  "paddingVertical": 4,
                },
                {
                  "backgroundColor": "#ECFDF5",
                },
              ]
            }
          >
            <Text
              style={
                [
                  {
                    "color": "#10B981",
                    "fontFamily": "Inter-Bold",
                    "fontSize": 16,
                    "lineHeight": 24,
                  },
                  undefined,
                ]
              }
            >
              85
            </Text>
          </View>
        </View>
      </View>
    </View>
  </View>
</View>
`;

exports[`ProductCard Dark Mode renders correctly in light theme 1`] = `
<View
  accessibilityRole="button"
  accessibilityState={
    {
      "busy": undefined,
      "checked": undefined,
      "disabled": undefined,
      "expanded": undefined,
      "selected": undefined,
    }
  }
  accessibilityValue={
    {
      "max": undefined,
      "min": undefined,
      "now": undefined,
      "text": undefined,
    }
  }
  accessible={true}
  collapsable={false}
  focusable={true}
  onClick={[Function]}
  onResponderGrant={[Function]}
  onResponderMove={[Function]}
  onResponderRelease={[Function]}
  onResponderTerminate={[Function]}
  onResponderTerminationRequest={[Function]}
  onStartShouldSetResponder={[Function]}
  style={
    {
      "opacity": 1,
    }
  }
>
  <View
    style={
      [
        {
          "padding": 16,
        },
        {
          "backgroundColor": "#FFFFFF",
          "borderRadius": 16,
          "elevation": 4,
          "shadowColor": "#18181B",
          "shadowOffset": {
            "height": 2,
            "width": 0,
          },
          "shadowOpacity": 0.1,
          "shadowRadius": 8,
        },
        {
          "marginBottom": 16,
          "padding": 12,
        },
      ]
    }
  >
    <View
      style={
        {
          "flexDirection": "row",
        }
      }
    >
      <Image
        source={
          {
            "uri": "https://example.com/image.jpg",
          }
        }
        style={
          {
            "borderRadius": 8,
            "height": 80,
            "marginRight": 12,
            "width": 80,
          }
        }
      />
      <View
        style={
          {
            "flex": 1,
            "justifyContent": "space-between",
          }
        }
      >
        <View>
          <Text
            style={
              [
                {
                  "color": "#52525B",
                  "fontFamily": "Inter-Regular",
                  "fontSize": 14,
                  "lineHeight": 20,
                },
                {
                  "marginBottom": 2,
                },
              ]
            }
          >
            Test Brand
          </Text>
          <Text
            numberOfLines={2}
            style={
              [
                {
                  "color": "#18181B",
                  "fontFamily": "Inter-SemiBold",
                  "fontSize": 16,
                  "lineHeight": 24,
                },
                {
                  "marginBottom": 8,
                },
              ]
            }
          >
            Test Supplement
          </Text>
          <View
            style={
              {
                "flexDirection": "row",
                "gap": 8,
                "marginBottom": 8,
              }
            }
          >
            <View
              style={
                [
                  {
                    "borderRadius": 12,
                    "paddingHorizontal": 8,
                    "paddingVertical": 4,
                  },
                  {
                    "backgroundColor": "#F97316",
                  },
                ]
              }
            >
              <Text
                style={
                  {
                    "color": "#FFF",
                    "fontSize": 12,
                    "fontWeight": "bold",
                  }
                }
              >
                Manual
              </Text>
            </View>
          </View>
          <View
            style={
              {
                "flexDirection": "row",
                "gap": 8,
                "marginVertical": 8,
              }
            }
          >
            <View
              style={
                [
                  {
                    "alignItems": "center",
                    "borderRadius": 12,
                    "flexDirection": "row",
                    "paddingHorizontal": 6,
                    "paddingVertical": 2,
                  },
                  {
                    "backgroundColor": "#10B981",
                  },
                ]
              }
            >
              <Text
                style={
                  {
                    "fontSize": 8,
                    "marginRight": 2,
                  }
                }
              >
                ðŸŸ¢
              </Text>
              <Text
                style={
                  {
                    "color": "#FFF",
                    "fontSize": 10,
                    "fontWeight": "bold",
                  }
                }
              >
                Title
              </Text>
            </View>
            <View
              style={
                [
                  {
                    "alignItems": "center",
                    "borderRadius": 12,
                    "flexDirection": "row",
                    "paddingHorizontal": 6,
                    "paddingVertical": 2,
                  },
                  {
                    "backgroundColor": "#EF4444",
                  },
                ]
              }
            >
              <Text
                style={
                  {
                    "fontSize": 8,
                    "marginRight": 2,
                  }
                }
              >
                ðŸ”´
              </Text>
              <Text
                style={
                  {
                    "color": "#FFF",
                    "fontSize": 10,
                    "fontWeight": "bold",
                  }
                }
              >
                Ingr.
              </Text>
            </View>
            <View
              style={
                [
                  {
                    "alignItems": "center",
                    "borderRadius": 12,
                    "flexDirection": "row",
                    "paddingHorizontal": 6,
                    "paddingVertical": 2,
                  },
                  {
                    "backgroundColor": "#EF4444",
                  },
                ]
              }
            >
              <Text
                style={
                  {
                    "fontSize": 8,
                    "marginRight": 2,
                  }
                }
              >
                ðŸ”´
              </Text>
              <Text
                style={
                  {
                    "color": "#FFF",
                    "fontSize": 10,
                    "fontWeight": "bold",
                  }
                }
              >
                Facts
              </Text>
            </View>
          </View>
        </View>
        <View
          style={
            {
              "alignItems": "center",
              "flexDirection": "row",
              "justifyContent": "space-between",
            }
          }
        >
          <View
            style={
              [
                {
                  "alignItems": "center",
                  "borderRadius": 16,
                  "justifyContent": "center",
                  "paddingHorizontal": 10,
                  "paddingVertical": 4,
                },
                {
                  "backgroundColor": "#ECFDF5",
                },
              ]
            }
          >
            <Text
              style={
                [
                  {
                    "color": "#10B981",
                    "fontFamily": "Inter-Bold",
                    "fontSize": 16,
                    "lineHeight": 24,
                  },
                  undefined,
                ]
              }
            >
              85
            </Text>
          </View>
        </View>
      </View>
    </View>
  </View>
</View>
`;
